TrinityCore rev. a96d89772a96+ 2026-09-23 09:52:55 +0200 (master branch) (Windows, AMD64, Release, Static) (worldserver-daemon)
<Ctrl-C> to stop.

 ______                       __
/\__  _\       __          __/\ \__
\/_/\ \/ _ __ /\_\    ___ /\_\ \, _\  __  __
   \ \ \/\`'__\/\ \ /' _ `\/\ \ \ \/ /\ \/\ \
    \ \ \ \ \/ \ \ \/\ \/\ \ \ \ \ \_\ \ \_\ \
     \ \_\ \_\  \ \_\ \_\ \_\ \_\ \__\\/`____ \
      \/_/\/_/   \/_/\/_/\/_/\/_/\/__/ `/___/> \
                                 C O R E  /\___/
https://TrinityCore.org                   \/__/

Using configuration file F:/Games/server/TrinityCoreWin64vs1/worldserver.conf.
Using SSL version: OpenSSL 4.0.2 25 Aug 2026 (library: OpenSSL 4.0.2 25 Aug 2026)
Using Boost version: 1.92.0
Updating Auth database...
>> Auth database is up-to-date! Containing 5 new and 537 archived updates.
Updating Character database...
>> Character database is up-to-date! Containing 2 new and 203 archived updates.
Updating World database...
>> World database is up-to-date! Containing 30 new and 9480 archived updates.
Updating Hotfixes database...
>> Hotfixes database is up-to-date! Containing 1 new and 988 archived updates.
Using World DB: TDB 1210.26091
Realm running as realm ID 1
Using ruRU DBC Locale
Will clear `logs` table of entries older than 1209600 seconds every 10 minutes.
Client cache version set to: 26091
Using DataDir ./
WORLD: MMap data directory is: ./mmaps
VMap support included. LineOfSight: true, getHeight: true, indoorCheck: true
VMap data directory is: ./vmaps
Loading Trinity strings...
>> Loaded 1051 trinity strings in 5 ms
Loading GameObject models...
>> Loaded 18078 GameObject models in 16 ms
Initialize data stores...
>> Initialized 369 DB2 data stores in 34875 ms
Loading hotfix blobs...
>> Loaded 7364 hotfix blob records in 120 ms
Loading hotfix info...
>> Loaded 21985 hotfix records in 55 ms
Loading hotfix optional data...
>> Loaded 17752 hotfix optional data records in 311 ms
Indexing loaded data stores...
>> Indexed DB2 data stores in 444 ms
>> Loading Cinematic Camera files
>> Loaded 34 cinematic waypoint sets in 238 ms
>> Initialized 14 GameTables in 134 ms
Loading IP Location Database...
Initializing PlayerDump tables...
>> Initialized tables for PlayerDump in 105 ms.
Loading SpellInfo store...
>> Loaded SpellInfo store in 1533 ms
Loading serverside spells...
>> Loaded 4390 serverside spells 152 ms
Loading SpellInfo corrections...
>> Loaded SpellInfo corrections in 119 ms
Loading SkillLineAbilityMultiMap Data...
>> Loaded 17952 SkillLineAbility MultiMap Data in 3 ms
Loading SpellInfo custom attributes...
>> Loaded 141 spell custom attributes from DB in 3 ms
>> Loaded SpellInfo custom attributes in 563 ms
Loading SpellInfo diminishing infos...
>> Loaded SpellInfo diminishing infos in 93 ms
Loading SpellInfo immunity infos...
>> Loaded SpellInfo immunity infos in 165 ms
Loading SpellInfo target caps...
Spell info correction specified for non-existing spell 1265579
Spell info correction specified for non-existing spell 1265580
Spell info correction specified for non-existing spell 1265581
Spell info correction specified for non-existing spell 1265582
>> Loaded SpellInfo target caps in 1 ms
Loading PetFamilySpellsStore Data...
Loading Spell Totem models...
>> Loaded 327 spell totem model records in 9 ms
Loading Traits...
Loading languages...
>> Loaded 50 languages in 0 ms
Loading languages words...
>> Loaded 344 word groups from 2625 words in 1 ms
Loading Instance Template...
>> Loaded 124 instance templates in 4 ms
Loading instances...
Loading Localization strings...
>> Loaded 222875 creature locale strings in 3362 ms
>> Loaded 34654 gameobject_template_locale strings in 279 ms
>> Loaded 49176 Quest Template locale strings in 1616 ms
>> Loaded 19185 Quest Offer Reward locale strings in 143 ms
>> Loaded 11209 Quest Request Items locale strings in 77 ms
>> Loaded 44082 Quest Objectives locale strings in 429 ms
>> Loaded 2877 PageText locale strings in 34 ms
>> Loaded 1 gossip_menu_option locale strings in 2 ms
>> Loaded 512 points_of_interest locale strings in 13 ms
>> Localization strings loaded in 5960 ms
Loading Account Roles and Permissions...
>> Loaded 696 permission definitions, 680 linked permissions and 4 default permissions in 7 ms
Loading Page Texts...
>> Loaded 2902 page texts in 20 ms
Loading Game Object Templates...
>> Loaded 40 destructible_hitpoint records in 3 ms
>> Loaded 118864 game object templates in 730 ms
Loading Game Object template addons...
>> Loaded 44149 game object template addons in 80 ms
Loading Transport templates...
>> Loaded 116 transport templates in 43 ms
Loading Transport animations and rotations...
Loading Transport spawns...
>> Spawned 0 continent transports in 2 ms
Loading Spell Rank Data...
>> Loaded 1778 spell rank records in 2 ms
Loading Spell Required Data...
>> Loaded 21 spell required records in 3 ms
Loading Spell Group types...
>> Loaded 284 spell group definitions in 7 ms
Loading Spell Learn Skills...
>> Loaded 423 Spell Learn Skills from DBC in 77 ms
Loading SpellInfo SpellSpecific and AuraState...
>> Loaded SpellInfo SpellSpecific and AuraState in 103 ms
Loading Spell Learn Spells...
>> Loaded 5 spell learn spells, 1704 found in Spell.dbc in 78 ms
Loading Spell Proc conditions and data...
>> Loaded 1288 spell proc conditions and data in 79 ms
Generating spell proc data from SpellMap...
>> Generated spell proc data for 11511 spells in 802 ms
Loading Aggro Spells Definitions...
>> Loaded 21 SpellThreatEntries in 6 ms
Loading Spell Group Stack Rules...
>> Loaded 13 spell group stack rules in 1 ms
>> Parsing SPELL_GROUP_STACK_RULE_EXCLUSIVE_SAME_EFFECT stack rules...
>> Parsed 0 SPELL_GROUP_STACK_RULE_EXCLUSIVE_SAME_EFFECT stack rules in 0 ms
Loading NPC Texts...
>> Loaded 15448 npc texts in 79 ms
Loading Enchant Spells Proc datas...
>> Loaded 16 enchant proc data definitions in 1 ms
Loading item bonus data...
Loading Random item bonus list definitions...
>> Loaded 0 Random item bonus list definitions. DB table `item_random_bonus_list_template` is empty.
Loading Disables
>> Loaded 5320 disables in 13 ms
Loading Items...
>> Loaded 175108 item templates in 372 ms
Loading Item set names...
>> Loaded 625 item addon templates in 7 ms
>> Loaded 10 item script names in 1 ms
Loading Creature Model Based Info Data...
>> Loaded 97813 creature model based info in 160 ms
Loading Creature templates...
>> Loaded 1606 creature template resistances in 10 ms
>> Loaded 9586 creature template spells in 12 ms
>> Loaded 379276 creature template models in 3905 ms
>> Loaded 231149 creature definitions in 11856 ms
Loading Equipment templates...
>> Loaded 42179 equipment templates in 100 ms
Loading Creature template addons...
>> Loaded 28525 creature template addons in 76 ms
Loading Creature template difficulty...
>> Loaded 335558 creature template difficulty data in 1130 ms
Loading Creature template sparring...
>> Loaded 63 creature template sparring rows in 3 ms
Loading Reputation Reward Rates...
>> Loaded 16 reputation_reward_rate in 3 ms
Loading Creature Reputation OnKill Data...
>> Loaded 2020 creature award reputation definitions in 6 ms
Loading Reputation Spillover Data...
>> Loaded 28 reputation_spillover_template in 2 ms
Loading Points Of Interest Data...
>> Loaded 854 Points of Interest definitions in 7 ms
Loading Creature Base Stats...
>> Loaded 460 creature base stats in 2 ms
Loading Spawn Group Templates...
>> Loaded 659 spawn group templates in 3 ms
Loading Creature Data...
>> Loaded 716260 creatures in 38092 ms
Loading Temporary Summon Data...
>> Loaded 1123 temp summons in 12 ms
Loading pet levelup spells...
>> Loaded 364 pet levelup and default spells for 84 families in 1 ms
Loading pet default spells additional to levelup spells...
Loading summonable creature templates...
>> Loaded 404 summonable creature templates in 86 ms
Loading Creature Addon Data...
>> Loaded 91032 creature addons in 297 ms
Loading Creature Movement Overrides...
>> Loaded 14 movement overrides in 20 ms
Loading Gameobject Data...
>> Loaded 199607 gameobjects in 6646 ms
Loading Spawn Group Data...
>> Loaded 96179 spawn group members in 85 ms
Loading instance spawn groups...
>> Loaded 249 instance spawn groups in 3 ms
Loading GameObject Addon Data...
>> Loaded 25900 gameobject addons in 70 ms
Loading GameObject faction and flags overrides...
>> Loaded 0 gameobject faction and flags overrides. DB table `gameobject_overrides` is empty.
Loading GameObject Quest Items...
>> Loaded 4174 gameobject quest items in 8 ms
Loading Creature Quest Items...
>> Loaded 171005 creature quest items in 209 ms
Loading Creature Quest Currencies...
>> Loaded 85067 creature quest currencies in 355 ms
Loading Creature Linked Respawn...
>> Loaded 6 linked respawns in 5 ms
Loading Weather Data...
>> Loaded 35 weather definitions in 2 ms
Loading Quests...
>> Loaded 0 quest reward choice items. DB table `quest_reward_choice_items` is empty.
>> Loaded 0 quest house room rewards. DB table `quest_reward_house_room` is empty.
>> Loaded 0 quest house decor rewards. DB table `quest_reward_house_decor` is empty.
>> Loaded 49045 quests definitions in 1872 ms
Checking Quest Disables
>> Checked 5260 quest disables in 1 ms
Loading Quest POI
>> Loaded 40787 quest POI definitions in 1075 ms
Loading Quests Starters and Enders...
Loading GO Start Quest Data...
>> Loaded 1610 quest relations from gameobject_queststarter in 7 ms
Loading GO End Quest Data...
>> Loaded 1512 quest relations from gameobject_questender in 5 ms
Loading Creature Start Quest Data...
>> Loaded 27136 quest relations from creature_queststarter in 35 ms
Loading Creature End Quest Data...
>> Loaded 34259 quest relations from creature_questender in 51 ms
Loading Quest Greetings...
>> Loaded 411 quest_greeting in 9 ms
>> Loaded 347 Quest Greeting locale strings in 3 ms
Loading Objects Pooling Data...
>> Loaded 3995 objects pools in 75 ms
Loading Creatures Pooling Data...
>> Loaded 1366 creatures in pools in 6 ms
Loading Gameobject Pooling Data...
>> Loaded 9307 gameobject in pools in 24 ms
Loading Mother Pooling Data...
>> Loaded 2840 pools in mother pools in 8 ms
Starting objects pooling system...
Loading Quest Pooling Data...
>> Loaded 56 daily, 5 weekly and 0 monthly quest pools in 6 ms
Loading World State templates...
>> Loaded 1861 world state templates 10 ms
>> Loaded 2 saved world state values 1 ms
Loading Game Event Data...
>> Loaded 89 game events in 1 ms.
Loading Game Event Saves Data...
>> Loaded 0 game event saves in game events. DB table `game_event_save` is empty.
Loading Game Event Prerequisite Data...
>> Loaded 0 game event prerequisites in game events. DB table `game_event_prerequisite` is empty.
Loading Game Event Creature Data...
>> Loaded 4740 creatures in game events in 5 ms.
Loading Game Event GO Data...
>> Loaded 38361 gameobjects in game events in 39 ms.
Loading Game Event Model/Equipment Change Data...
>> Loaded 22 model/equipment changes in game events in 4 ms.
Loading Game Event Quest Data...
>> Loaded 235 quests additions in game events in 2 ms.
Loading Game Event GO Quest Data...
>> Loaded 112 quests additions in game events in 1 ms.
Loading Game Event Quest Condition Data...
>> Loaded 0 quest event conditions in game events. DB table `game_event_quest_condition` is empty.
Loading Game Event Condition Data...
>> Loaded 0 conditions in game events. DB table `game_event_condition` is empty.
Loading Game Event Condition Save Data...
>> Loaded 0 condition saves in game events. DB table `game_event_condition_save` is empty.
Loading Game Event NPCflag Data...
>> Loaded 0 npcflags in game events. DB table `game_event_npcflag` is empty.
Loading Game Event Seasonal Quest Relations...
>> Loaded 690 quests additions in game events in 2 ms.
Loading Game Event Vendor Additions Data...
>> Loaded 102 vendor additions in game events in 2 ms.
Loading Game Event Pool Data...
>> Loaded 30 pools for game events in 1 ms.
Loading creature summoned data...
>> Loaded 54 creature summoned data definitions in 1 ms
Loading UNIT_NPC_FLAG_SPELLCLICK Data...
>> Loaded 830 spellclick definitions in 121 ms
Loading Vehicle Templates...
>> Loaded 9 Vehicle Template entries in 1 ms
Loading Vehicle Template Accessories...
>> Loaded 519 Vehicle Template Accessories in 4 ms
Loading Vehicle Accessories...
>> Loaded 0 vehicle accessories. DB table `vehicle_accessory` is empty.
Loading Vehicle Seat Addon Data...
>> Loaded 37 Vehicle Seat Addon entries in 2 ms
Loading SpellArea Data...
>> Loaded 968 spell area requirements in 4 ms
Loading World locations...
>> Loaded 4312 world locations 38 ms
Loading Area Trigger Teleports definitions...
>> Loaded 344 area trigger teleport definitions in 7 ms
Loading Area Trigger Polygon data...
Loading Access Requirements...
>> Loaded 229 access requirement definitions in 4 ms
Loading Quest Area Triggers...
>> Loaded 63 quest trigger points in 5 ms
Loading Tavern Area Triggers...
>> Loaded 174 tavern triggers in 2 ms
Loading AreaTrigger script names...
>> Loaded 277 areatrigger scripts in 2 ms
Loading LFG entrance positions...
>> Loaded 35 lfg dungeon templates in 3 ms
Loading LFG rewards...
>> Loaded 4 lfg dungeon rewards in 1 ms
Loading Graveyard-zone links...
>> Loaded 1238 graveyard-zone links in 3 ms
Loading spell pet auras...
>> Loaded 1 spell pet auras in 2 ms
Loading Spell target coordinates...
>> Loaded 2497 spell teleport coordinates in 11 ms
Loading linked spells...
>> Loaded 209 linked spells in 2 ms
Loading Scenes Templates...
>> Loaded 574 scene templates in 3 ms.
Loading Player Create Data...
>> Loaded 281 player create definitions in 4 ms
Loading Player Create Items Data...
Loading Player Create Items Override Data...
>> Loaded 1 custom player create items in 3 ms
Loading Player Create Skill Data...
>> Loaded player create skills in 1 ms
Loading Player Create Custom Spell Data...
>> Loaded 0 player create custom spells. DB table `playercreateinfo_spell_custom` is empty.
Loading Player Create Cast Spell Data...
>> Loaded 61 player create cast spells in 1 ms
Loading Player Create Action Data...
>> Loaded 1942 player create actions in 3 ms
Loading Player Create Level Stats Data...
>> Loaded 1170 level stats definitions in 7 ms
Loading Player Create XP Data...
>> Loaded 0 xp for level definition(s) from database in 2 ms
Loading Exploration BaseXP Data...
>> Loaded 80 BaseXP definitions in 1 ms
Loading Pet Name Parts...
>> Loaded 313 pet name parts in 3 ms
Loading AreaTrigger Templates...
>> Loaded 903 spell areatrigger templates in 20 ms.
Loading AreaTrigger Spawns...
>> Loaded 294 areatrigger spawns in 3 ms.
Loading Conversation Templates...
>> Loaded 687 Conversation line templates in 2 ms
>> Loaded 230 Conversation actors in 12 ms
>> Loaded 248 Conversation templates in 3 ms
Loading Player Choices...
>> Loaded 4 player choices, 11 responses, 6 rewards, 6 item rewards, 0 currency rewards, 0 faction rewards, 0 item choice rewards and 0 maw powers in 13 ms.
Loading Spawn Tracking Templates...
>>  Loaded 25819 spawn tracking templates in 32 ms
Loading Spawn Tracking Quest Objectives...
>>  Loaded 13533 spawn tracking quest objectives in 18 ms
Loading Spawn Tracking Spawns...
>> Loaded 150 spawn tracking members in 2 ms
Loading Spawn Tracking Spawn States...
>> Loaded 412 spawn tracking states in 4 ms
Loading Player Choices Locales...
Loading UIMap questlines...
>> Loaded 4474 UiMap questlines definitions in 9 ms
Loading UIMap quests...
>> Loaded 291 UiMap quests definitions in 2 ms
Loading Jump Charge Params...
>> Loaded 34 Player Choice locale strings in 1 ms
Loading the max pet number...
>> Loaded the max pet number: 0 in 1 ms
Loading pet level stats...
>> Loaded 2715 level pet stats definitions in 16 ms
Loading Player level dependent mail rewards...
>> Loaded 25 level dependent mail rewards in 2 ms
Loading creature loot templates...
>> Loaded 310629 creature loot templates in 1192 ms
Loading fishing loot templates...
>> Loaded 281 fishing loot templates in 7 ms
Loading gameobject loot templates...
>> Loaded 18777 gameobject loot templates in 458 ms
Loading item loot templates...
>> Loaded 4958 item loot templates in 141 ms
Loading mail loot templates...
>> Loaded 67 mail loot templates in 2 ms
Loading milling loot templates...
>> Loaded 51 milling loot templates in 21 ms
Loading pickpocketing loot templates...
>> Loaded 10943 pickpocketing loot templates in 54 ms
Loading skinning loot templates...
>> Loaded 3157 skinning loot templates in 34 ms
Loading disenchanting loot templates...
>> Loaded 108 disenchanting loot templates in 31 ms
Loading prospecting loot templates...
>> Loaded 48 prospecting loot templates in 17 ms
Loading spell loot templates...
>> Loaded 440 spell loot templates in 237 ms
Loading reference loot templates...
>> Loaded reference loot templates in 49 ms
Loading Skill Discovery Table...
>> Loaded 42 skill discovery definitions in 62 ms.
Loading Skill Extra Item Table...
>> Loaded 219 spell specialization definitions in 2 ms
Loading Skill Perfection Data Table...
>> Loaded 47 spell perfection definitions in 3 ms.
Loading Skill Fishing base level requirements...
>> Loaded 105 areas for fishing base skill level in 1 ms
Loading skill tier info...
>> Loaded 59 skill max values in 1 ms
Loading Criteria Modifier trees...
>> Loaded 315454 criteria modifiers in 152 ms
Loading Criteria Lists...
>> Loaded 37745 criteria, 1763 guild criteria, 6476 scenario criteria and 5259 quest objective criteria in 117 ms.
Loading Criteria Data...
>> Loaded 33 additional criteria data in 6 ms
Loading Achievements...
>> Loaded 37 achievement references in 0 ms.
Loading Achievements Scripts...
>> Loaded 2 achievement scripts in 2 ms
Loading Achievement Rewards...
>> Loaded 120 achievement rewards in 3 ms.
Loading Achievement Reward Locales...
>> Loaded 25 achievement reward locale strings in 3 ms.
Loading Completed Achievements...
>> Loaded 151 realm first completed achievements in 3 ms.
Loading character cache store...
Loaded character infos for 2 characters in 1 ms
Loading Auctions...
>> Loaded 0 auction items in 1 ms
>> Loaded 0 auction bidders in 1 ms
>> Loaded 0 auctions in 1 ms
Loading Black Market Templates...
>> Loaded 0 black market templates. DB table `blackmarket_template` is empty.
Loading Black Market Auctions...
>> Loaded 0 black market auctions. DB table `blackmarket_auctions` is empty.
Loading Guild rewards...
>> Loaded 62 guild reward definitions in 12 ms
Loading Guilds...
Loading guilds definitions...
>> Loaded 0 guild definitions. DB table `guild` is empty.
Loading ArenaTeams...
>> Loaded 0 arena teams. DB table `arena_team` is empty!
Loading Groups...
>> Loaded 0 group definitions. DB table `groups` is empty!
Loading ReservedNames...
>> Loaded 0 reserved player names. DB table `reserved_name` is empty!
Loading GameObjects for quests...
>> Loaded 9137 GameObjects for quests in 13 ms
Loading BattleMasters...
>> Loaded 172 battlemaster entries in 21 ms
Loading GameTeleports...
>> Loaded 2286 GameTeleports in 12 ms
Loading Trainers...
>> Loaded 192 Trainers in 38 ms
Loading Gossip menu...
>> Loaded 14194 gossip_menu IDs in 217 ms
Loading Gossip menu options...
>> Loaded 14421 gossip_menu_option entries in 87 ms
Loading Gossip menu addon...
>> Loaded 11 gossip_menu_addon IDs in 2 ms
Loading Creature Template Gossip...
>> Loaded 6840 creature template gossip menus in 26 ms
Loading Creature trainers...
>> Loaded 972 default trainers in 4 ms
Loading Vendors...
>> Loaded 92036 Vendors in 553 ms
Loading Waypoint paths...
>> Loaded 9868 waypoint paths in 21 ms
>> Loaded 174014 waypoint path nodes in 249 ms
Loading Creature Formations...
>> Loaded 3280 creatures in formations in 9 ms
Loading Persistend World Variables...
>> Loaded 9 world variables in 2 ms
Loading Terrain World Map definitions...
>> Loaded 6 terrain world maps in 1 ms.
Loading Terrain Swap Default definitions...
>> Loaded 10 terrain swap defaults in 2 ms.
Loading Phase Area definitions...
>> Loaded 660 phase areas in 3 ms.
Loading Conditions...
>> Loaded 29652 conditions in 855 ms
Loading faction change achievement pairs...
>> Loaded 103 faction change achievement pairs in 2 ms
Loading faction change spell pairs...
>> Loaded 113 faction change spell pairs in 2 ms
Loading faction change quest pairs...
>> Loaded 290 faction change quest pairs in 3 ms
Loading faction change item pairs...
>> Loaded 19522 faction change item pairs in 18 ms
Loading faction change reputation pairs...
>> Loaded 30 faction change reputation pairs in 2 ms
Loading faction change title pairs...
>> Loaded 22 faction change title pairs in 2 ms
Loading mount definitions...
>> Loaded 50 mount definitions in 2 ms
Loading warband scene definitions...
Loading GM bugs...
>> Loaded 0 GM bugs. DB table `gm_bug` is empty!
Loading GM complaints...
>> Loaded 0 GM complaints. DB table `gm_complaint` is empty!
Loading GM suggestions...
>> Loaded 0 GM suggestions. DB table `gm_suggestion` is empty!
Loading garrison info...
>> Loaded 0 garrison plot finalize entries in 0.
>> Loaded 170 garrison follower class spec abilities in 0.
Returning old mails...
>> No expired mails found.
Loading Autobroadcasts...
>> Loaded 0 autobroadcasts definitions. DB table `autobroadcast` is empty for this realm!
Loading event_scripts...
>> Loaded 500 script definitions in 5 ms
>> Loaded 12 event scripts in 3 ms
Loading spell script names...
>> Loaded 4120 spell script names in 20 ms
Loading Creature Texts...
>> Loaded 39604 creature texts for 12468 creatures in 371 ms
Loading Creature Text Locales...
>> Loaded 13 creature localized texts in 2 ms
Loading creature StaticFlags overrides...
>> Loaded 145 creature static flag overrides in 2 ms
Initializing Scripts...
>> Loaded spline chain data for 124 chains, consisting of 325 splines with 1684 waypoints in 7 ms
Loading C++ scripts
Invalid BattlegroundMapScript for 618; no such map ID.
>> Loaded 5333 C++ scripts in 529 ms
Validating spell scripts...
SpellScriptBase::ValidateSpellInfo: Spell 373457 does not exist.
SpellScriptBase::ValidateSpellInfo: Spell 373462 does not exist.
SpellScriptBase::ValidateSpellInfo: Spell 373464 does not exist.
Spell `17` did not pass Validate() function of script `spell_pri_crystalline_reflection` - script will be not added to the spell
SpellScriptBase::ValidateSpellInfo: Spell 103958 does not exist.
Spell `172` did not pass Validate() function of script `spell_gen_trigger_exclude_caster_aura_spell` - script will be not added to the spell
Spell `603` Effect `Index: EFFECT_0, AuraName: SPELL_AURA_3` of script `spell_warl_doom` did not match dbc effect data - handler bound to hook `OnEffectPeriodic` of AuraScript won't be executed
Spell `740` did not pass Validate() function of script `spell_dru_inner_peace` - script will be not added to the spell
Spell `755` Effect `Index: EFFECT_0, AuraName: SPELL_AURA_20` of script `spell_warl_health_funnel` did not match dbc effect data - handler bound to hook `OnEffectApply` of AuraScript won't be executed
Spell `755` Effect `Index: EFFECT_0, AuraName: SPELL_AURA_20` of script `spell_warl_health_funnel` did not match dbc effect data - handler bound to hook `OnEffectRemove` of AuraScript won't be executed
Spell `755` Effect `Index: EFFECT_0, AuraName: SPELL_AURA_20` of script `spell_warl_health_funnel` did not match dbc effect data - handler bound to hook `OnEffectPeriodic` of AuraScript won't be executed
SpellScriptBase::ValidateSpellEffect: Spell 453189 does not exist.
Spell `980` did not pass Validate() function of script `spell_warl_deaths_embrace_dots` - script will be not added to the spell
SpellScriptBase::ValidateSpellInfo: Spell 159669 does not exist.
Spell `1454` did not pass Validate() function of script `spell_gen_trigger_exclude_caster_aura_spell` - script will be not added to the spell
SpellScriptBase::ValidateSpellInfo: Spell 213363 does not exist.
Spell `2643` did not pass Validate() function of script `spell_hun_multi_shot` - script will be not added to the spell
SpellScriptBase::ValidateSpellInfo: Spell 0 does not exist.
Spell `2823` did not pass Validate() function of script `spell_gen_trigger_exclude_target_aura_spell` - script will be not added to the spell
Spell `5246` Effect `Index: EFFECT_2 Target: 15` of script `spell_warr_intimidating_shout` did not match dbc effect data - handler bound to hook `OnObjectAreaTargetSelect` of SpellScript won't be executed
Spell `5246` Effect `Index: EFFECT_3 Target: 15` of script `spell_warr_intimidating_shout` did not match dbc effect data - handler bound to hook `OnObjectAreaTargetSelect` of SpellScript won't be executed
SpellScriptBase::ValidateSpellInfo: Spell 56250 does not exist.
Spell `6358` did not pass Validate() function of script `spell_warl_seduction` - script will be not added to the spell
Spell `13877` Effect `Index: EFFECT_0, AuraName: SPELL_AURA_110` of script `spell_rog_blade_flurry` did not match dbc effect data - handler bound to hook `OnEffectProc` of AuraScript won't be executed
Spell `15286` Effect `Index: EFFECT_0, AuraName: SPELL_AURA_4` of script `spell_pri_vampiric_embrace` did not match dbc effect data - handler bound to hook `OnEffectProc` of AuraScript won't be executed
Spell `15290` Effect `Index: EFFECT_0 Target: 20` of script `spell_pri_vampiric_embrace_target` did not match dbc effect data - handler bound to hook `OnObjectAreaTargetSelect` of SpellScript won't be executed
Spell `17877` Effect `Index: EFFECT_1, AuraName: SPELL_AURA_4` of script `spell_warl_shadowburn` did not match dbc effect data - handler bound to hook `AfterEffectRemove` of AuraScript won't be executed
SpellScriptBase::ValidateSpellInfo: Spell 12723 does not exist.
SpellScriptBase::ValidateSpellInfo: Spell 26654 does not exist.
Spell `18765` did not pass Validate() function of script `spell_warr_sweeping_strikes` - script will be not added to the spell
Spell `18813` Effect `Index: EFFECT_2, Effect: SPELL_EFFECT_77` of script `spell_gen_knock_away_threat_reduction_25` did not match dbc effect data - handler bound to hook `OnEffectHitTarget` of SpellScript won't be executed
SpellScriptBase::ValidateSpellInfo: Spell 56249 does not exist.
Spell `19505` did not pass Validate() function of script `spell_warl_devour_magic` - script will be not added to the spell
Spell `21149` Effect `Index: EFFECT_2, Effect: SPELL_EFFECT_100` of script `spell_item_eggnog` did not match dbc effect data - handler bound to hook `OnEffectHitTarget` of SpellScript won't be executed
Spell `21562` Effect `Index: EFFECT_0, Effect: SPELL_EFFECT_3` of script `spell_pri_power_word_fortitude` did not match dbc effect data - handler bound to hook `OnEffectHitTarget` of SpellScript won't be executed
Spell `28559` Effect `Index: EFFECT_0, AuraName: SPELL_AURA_4` of script `spell_gen_feign_death_all_flags_uninteractible` did not match dbc effect data - handler bound to hook `OnEffectApply` of AuraScript won't be executed
Spell `28559` Effect `Index: EFFECT_0, AuraName: SPELL_AURA_4` of script `spell_gen_feign_death_all_flags_uninteractible` did not match dbc effect data - handler bound to hook `OnEffectRemove` of AuraScript won't be executed
Spell `28764` Effect `Index: EFFECT_0, AuraName: SPELL_AURA_4` of script `spell_gen_adaptive_warding` did not match dbc effect data - handler bound to hook `OnEffectProc` of AuraScript won't be executed
SpellScriptBase::ValidateSpellInfo: Spell 86315 does not exist.
Spell `31790` did not pass Validate() function of script `spell_gen_trigger_exclude_target_aura_spell` - script will be not added to the spell
Spell `32863` Effect `Index: EFFECT_1, AuraName: SPELL_AURA_4` of script `spell_warl_seed_of_corruption_generic` did not match dbc effect data - handler bound to hook `OnEffectProc` of AuraScript won't be executed
Spell `34477` Effect `Index: EFFECT_1, AuraName: SPELL_AURA_4` of script `spell_hun_misdirection` did not match dbc effect data - handler bound to hook `AfterEffectRemove` of AuraScript won't be executed
Spell `34477` Effect `Index: EFFECT_1, AuraName: SPELL_AURA_4` of script `spell_hun_misdirection` did not match dbc effect data - handler bound to hook `OnEffectProc` of AuraScript won't be executed
Spell `34480` Effect `Index: EFFECT_1, AuraName: SPELL_AURA_23` of script `spell_kaelthas_gravity_lapse_periodic` did not match dbc effect data - handler bound to hook `OnEffectPeriodic` of AuraScript won't be executed
SpellScriptBase::ValidateSpellInfo: Spell 70276 does not exist.
Spell `34779` did not pass Validate() function of script `spell_freezing_circle` - script will be not added to the spell
Spell `34799` Effect `Index: EFFECT_2, AuraName: SPELL_AURA_4` of script `spell_commander_sarannis_arcane_devastation` did not match dbc effect data - handler bound to hook `AfterEffectApply` of AuraScript won't be executed
Spell `35429` of script `spell_warr_sweeping_strikes` does not have apply aura effect - handler bound to hook `DoCheckProc` of AuraScript won't be executed
Spell `35429` Effect `Index: EFFECT_0, AuraName: SPELL_AURA_4` of script `spell_warr_sweeping_strikes` did not match dbc effect data - handler bound to hook `OnEffectProc` of AuraScript won't be executed
SpellScriptBase::ValidateSpellInfo: Spell 12723 does not exist.
SpellScriptBase::ValidateSpellInfo: Spell 26654 does not exist.
Spell `35429` did not pass Validate() function of script `spell_warr_sweeping_strikes` - script will be not added to the spell
SpellScriptBase::ValidateSpellInfo: Spell 132372 does not exist.
Spell `38223` did not pass Validate() function of script `spell_shadowmoon_quest_credit_crazed_colossus` - script will be not added to the spell
Spell `40414` Effect `Index: EFFECT_2, Effect: SPELL_EFFECT_77` of script `spell_fixate` did not match dbc effect data - handler bound to hook `OnEffectHitTarget` of SpellScript won't be executed
Spell `41054` Effect `Index: EFFECT_0, AuraName: SPELL_AURA_226` of script `spell_gen_clone_weapon_aura` did not match dbc effect data - handler bound to hook `OnEffectApply` of AuraScript won't be executed
Spell `41054` Effect `Index: EFFECT_0, AuraName: SPELL_AURA_226` of script `spell_gen_clone_weapon_aura` did not match dbc effect data - handler bound to hook `OnEffectRemove` of AuraScript won't be executed
Spell `41341` Effect `Index: EFFECT_0, AuraName: SPELL_AURA_69` of script `spell_illidari_council_balance_of_power` did not match dbc effect data - handler bound to hook `OnEffectAbsorb` of AuraScript won't be executed
Spell `42385` Effect `Index: EFFECT_0, AuraName: SPELL_AURA_4` of script `spell_dustwallow_marsh_alcaz_survey_aura` did not match dbc effect data - handler bound to hook `AfterEffectRemove` of AuraScript won't be executed
SpellScriptBase::ValidateSpellInfo: Spell 44960 does not exist.
Spell `44019` did not pass Validate() function of script `spell_nalorakk_surge` - script will be not added to the spell
Spell `44436` Effect `Index: EFFECT_0, Effect: SPELL_EFFECT_77` of script `spell_hallow_end_tricky_treat` did not match dbc effect data - handler bound to hook `OnEffectHitTarget` of SpellScript won't be executed
SpellScriptBase::ValidateSpellInfo: Spell 42965 does not exist.
Spell `44436` did not pass Validate() function of script `spell_hallow_end_tricky_treat` - script will be not added to the spell
Spell `45204` Effect `Index: EFFECT_1, Effect: SPELL_EFFECT_77` of script `spell_gen_clone` did not match dbc effect data - handler bound to hook `OnEffectHitTarget` of SpellScript won't be executed
Spell `45235` Effect `Index: EFFECT_1, Effect: SPELL_EFFECT_77` of script `spell_eredar_twins_blaze` did not match dbc effect data - handler bound to hook `OnEffectHitTarget` of SpellScript won't be executed
SpellScriptBase::ValidateSpellInfo: Spell 45236 does not exist.
Spell `45235` did not pass Validate() function of script `spell_eredar_twins_blaze` - script will be not added to the spell
SpellScriptBase::ValidateSpellInfo: Spell 29705 does not exist.
SpellScriptBase::ValidateSpellInfo: Spell 29727 does not exist.
Spell `45406` did not pass Validate() function of script `spell_midsummer_ribbon_pole_periodic_visual` - script will be not added to the spell
Spell `46584` Effect `Index: EFFECT_0, Effect: SPELL_EFFECT_3` of script `spell_dk_raise_dead` did not match dbc effect data - handler bound to hook `OnEffectHitTarget` of SpellScript won't be executed
SpellScriptBase::ValidateSpellInfo: Spell 45246 does not exist.
Spell `47300` did not pass Validate() function of script `spell_eredar_twins_dark_flame_aura_fire` - script will be not added to the spell
Spell `47496` Effect `Index: EFFECT_0, Effect: SPELL_EFFECT_2` of script `spell_dk_ghoul_explode` did not match dbc effect data - handler bound to hook `OnEffectHitTarget` of SpellScript won't be executed
Spell `47496` Effect `Index: EFFECT_1, Effect: SPELL_EFFECT_2` of script `spell_dk_ghoul_explode` did not match dbc effect data - handler bound to hook `OnEffectHitTarget` of SpellScript won't be executed
Spell `47788` Effect `Index: EFFECT_1, AuraName: SPELL_AURA_69` of script `spell_pri_guardian_spirit` did not match dbc effect data - handler bound to hook `DoEffectCalcAmount` of AuraScript won't be executed
Spell `47788` Effect `Index: EFFECT_1, AuraName: SPELL_AURA_69` of script `spell_pri_guardian_spirit` did not match dbc effect data - handler bound to hook `OnEffectAbsorb` of AuraScript won't be executed
SpellScriptBase::ValidateSpellInfo: Spell 326055 does not exist.
SpellScriptBase::ValidateSpellInfo: Spell 326053 does not exist.
SpellScriptBase::ValidateSpellInfo: Spell 79577 does not exist.
Spell `48517` did not pass Validate() function of script `spell_dru_eclipse_aura` - script will be not added to the spell
SpellScriptBase::ValidateSpellEffect: Spell 450347 does not have EFFECT_2.
Spell `48517` did not pass Validate() function of script `spell_dru_natures_grace_eclipse` - script will be not added to the spell
SpellScriptBase::ValidateSpellInfo: Spell 326055 does not exist.
SpellScriptBase::ValidateSpellInfo: Spell 326053 does not exist.
SpellScriptBase::ValidateSpellInfo: Spell 79577 does not exist.
Spell `48518` did not pass Validate() function of script `spell_dru_eclipse_aura` - script will be not added to the spell
SpellScriptBase::ValidateSpellEffect: Spell 450347 does not have EFFECT_2.
Spell `48518` did not pass Validate() function of script `spell_dru_natures_grace_eclipse` - script will be not added to the spell
SpellScriptBase::ValidateSpellInfo: Spell 49331 does not exist.
Spell `49107` did not pass Validate() function of script `spell_vehicle_warhead_fuse` - script will be not added to the spell
Spell `49889` Effect `Index: EFFECT_1, Effect: SPELL_EFFECT_77` of script `spell_gen_clone` did not match dbc effect data - handler bound to hook `OnEffectHitTarget` of SpellScript won't be executed
Spell `49889` Effect `Index: EFFECT_2, Effect: SPELL_EFFECT_77` of script `spell_gen_clone` did not match dbc effect data - handler bound to hook `OnEffectHitTarget` of SpellScript won't be executed
Spell `50218` Effect `Index: EFFECT_1, Effect: SPELL_EFFECT_77` of script `spell_gen_clone` did not match dbc effect data - handler bound to hook `OnEffectHitTarget` of SpellScript won't be executed
Spell `50218` Effect `Index: EFFECT_2, Effect: SPELL_EFFECT_77` of script `spell_gen_clone` did not match dbc effect data - handler bound to hook `OnEffectHitTarget` of SpellScript won't be executed
Spell `50278` Effect `Index: EFFECT_0, AuraName: SPELL_AURA_23` of script `spell_barreled_control_aura` did not match dbc effect data - handler bound to hook `OnEffectPeriodic` of AuraScript won't be executed
Spell `50785` Effect `Index: EFFECT_0 Target: 15` of script `spell_varos_energize_core_area_enemy` did not match dbc effect data - handler bound to hook `OnObjectAreaTargetSelect` of SpellScript won't be executed
Spell `51010` Effect `Index: EFFECT_0, AuraName: SPELL_AURA_56` of script `spell_item_dire_brew` did not match dbc effect data - handler bound to hook `AfterEffectApply` of AuraScript won't be executed
Spell `51690` Effect `Index: EFFECT_1, Effect: SPELL_EFFECT_3` of script `spell_rog_killing_spree` did not match dbc effect data - handler bound to hook `OnEffectHitTarget` of SpellScript won't be executed
Spell `51690` Effect `Index: EFFECT_1 Target: 16` of script `spell_rog_killing_spree` did not match dbc effect data - handler bound to hook `OnObjectAreaTargetSelect` of SpellScript won't be executed
Spell `51719` Effect `Index: EFFECT_1, Effect: SPELL_EFFECT_77` of script `spell_gen_clone` did not match dbc effect data - handler bound to hook `OnEffectHitTarget` of SpellScript won't be executed
Spell `51719` Effect `Index: EFFECT_2, Effect: SPELL_EFFECT_77` of script `spell_gen_clone` did not match dbc effect data - handler bound to hook `OnEffectHitTarget` of SpellScript won't be executed
Spell `53478` Effect `Index: EFFECT_0, Effect: SPELL_EFFECT_3` of script `spell_hun_last_stand_pet` did not match dbc effect data - handler bound to hook `OnEffectHitTarget` of SpellScript won't be executed
SpellScriptBase::ValidateSpellInfo: Spell 53479 does not exist.
Spell `53478` did not pass Validate() function of script `spell_hun_last_stand_pet` - script will be not added to the spell
Spell `54069` Effect `Index: EFFECT_0 Target: 7` of script `spell_varos_energize_core_area_entry` did not match dbc effect data - handler bound to hook `OnObjectAreaTargetSelect` of SpellScript won't be executed
Spell `54149` Effect `Index: EFFECT_0, AuraName: SPELL_AURA_4` of script `spell_pal_imbued_infusions_ex` did not match dbc effect data - handler bound to hook `AfterEffectRemove` of AuraScript won't be executed
Spell `55233` Effect `Index: EFFECT_1, AuraName: SPELL_AURA_250` of script `spell_dk_vampiric_blood` did not match dbc effect data - handler bound to hook `DoEffectCalcAmount` of AuraScript won't be executed
Spell `56251` Effect `Index: EFFECT_0 Target: 7` of script `spell_varos_energize_core_area_entry` did not match dbc effect data - handler bound to hook `OnObjectAreaTargetSelect` of SpellScript won't be executed
Spell `59057` Effect `Index: EFFECT_0, AuraName: SPELL_AURA_42` of script `spell_dk_rime` did not match dbc effect data - handler bound to hook `DoCheckEffectProc` of AuraScript won't be executed
Spell `59372` Effect `Index: EFFECT_0 Target: 15` of script `spell_varos_energize_core_area_enemy` did not match dbc effect data - handler bound to hook `OnObjectAreaTargetSelect` of SpellScript won't be executed
SpellScriptBase::ValidateSpellInfo: Spell 59933 does not exist.
Spell `59910` did not pass Validate() function of script `spell_novos_summon_minions` - script will be not added to the spell
Spell `59915` Effect `Index: EFFECT_0, AuraName: SPELL_AURA_4` of script `spell_item_discerning_eye_beast_dummy` did not match dbc effect data - handler bound to hook `OnEffectProc` of AuraScript won't be executed
Spell `60864` Effect `Index: EFFECT_0, Effect: SPELL_EFFECT_2` of script `spell_jaws_of_death_claw_swipe_pct_damage` did not match dbc effect data - handler bound to hook `OnEffectLaunchTarget` of SpellScript won't be executed
Spell `61407` Effect `Index: EFFECT_0 Target: 7` of script `spell_varos_energize_core_area_entry` did not match dbc effect data - handler bound to hook `OnObjectAreaTargetSelect` of SpellScript won't be executed
Spell `62136` Effect `Index: EFFECT_0 Target: 7` of script `spell_varos_energize_core_area_entry` did not match dbc effect data - handler bound to hook `OnObjectAreaTargetSelect` of SpellScript won't be executed
Spell `65797` Effect `Index: EFFECT_0, Effect: SPELL_EFFECT_77` of script `spell_gen_cast_caster_to_target` did not match dbc effect data - handler bound to hook `OnEffectHitTarget` of SpellScript won't be executed
Spell `66477` Effect `Index: EFFECT_0, Effect: SPELL_EFFECT_77` of script `spell_gen_feast` did not match dbc effect data - handler bound to hook `OnEffectHitTarget` of SpellScript won't be executed
Spell `66683` Effect `Index: EFFECT_2, AuraName: SPELL_AURA_12` of script `spell_icehowl_massive_crash` did not match dbc effect data - handler bound to hook `AfterEffectRemove` of AuraScript won't be executed
SpellScriptBase::ValidateSpellInfo: Spell 67016 does not exist.
SpellScriptBase::ValidateSpellInfo: Spell 67017 does not exist.
SpellScriptBase::ValidateSpellInfo: Spell 67018 does not exist.
Spell `67019` did not pass Validate() function of script `spell_item_flask_of_the_north` - script will be not added to the spell
SpellScriptBase::ValidateSpellInfo: Spell 56249 does not exist.
Spell `67518` did not pass Validate() function of script `spell_warl_devour_magic` - script will be not added to the spell
Spell `68614` Effect `Index: EFFECT_0, AuraName: SPELL_AURA_226` of script `spell_apothecary_cologne_spill` did not match dbc effect data - handler bound to hook `OnEffectPeriodic` of AuraScript won't be executed
Spell `68798` Effect `Index: EFFECT_0, AuraName: SPELL_AURA_226` of script `spell_apothecary_perfume_spill` did not match dbc effect data - handler bound to hook `OnEffectPeriodic` of AuraScript won't be executed
Spell `69893` Effect `Index: EFFECT_0, AuraName: SPELL_AURA_226` of script `spell_gen_clone_weapon_aura` did not match dbc effect data - handler bound to hook `OnEffectApply` of AuraScript won't be executed
Spell `69893` Effect `Index: EFFECT_0, AuraName: SPELL_AURA_226` of script `spell_gen_clone_weapon_aura` did not match dbc effect data - handler bound to hook `OnEffectRemove` of AuraScript won't be executed
Spell `71874` Effect `Index: EFFECT_1, Effect: SPELL_EFFECT_77` of script `spell_pet_gen_toxic_wasteling_devour` did not match dbc effect data - handler bound to hook `OnEffectHitTarget` of SpellScript won't be executed
Spell `73920` Effect `Index: EFFECT_1, AuraName: SPELL_AURA_226` of script `spell_sha_deluge_healing_rain` did not match dbc effect data - handler bound to hook `OnEffectPeriodic` of AuraScript won't be executed
Spell `73920` Effect `Index: EFFECT_1, AuraName: SPELL_AURA_226` of script `spell_sha_healing_rain` did not match dbc effect data - handler bound to hook `OnEffectRemove` of AuraScript won't be executed
Spell `73920` Effect `Index: EFFECT_1, AuraName: SPELL_AURA_226` of script `spell_sha_healing_rain` did not match dbc effect data - handler bound to hook `OnEffectPeriodic` of AuraScript won't be executed
SpellScriptBase::ValidateSpellInfo: Spell 0 does not exist.
Spell `74083` did not pass Validate() function of script `spell_gen_cast_caster_to_target` - script will be not added to the spell
Spell `77220` Effect `Index: EFFECT_2, AuraName: SPELL_AURA_69` of script `spell_warl_chaotic_energies` did not match dbc effect data - handler bound to hook `OnEffectAbsorb` of AuraScript won't be executed
SpellScriptBase::ValidateSpellInfo: Spell 0 does not exist.
Spell `77606` did not pass Validate() function of script `spell_gen_trigger_exclude_caster_aura_spell` - script will be not added to the spell
SpellScriptBase::ValidateSpellInfo: Spell 199804 does not exist.
Spell `79096` did not pass Validate() function of script `spell_rog_restless_blades` - script will be not added to the spell
Spell `80643` Effect `Index: EFFECT_0 Target: 18` of script `spell_stalactite_mod_dest_height` did not match dbc effect data - handler bound to hook `OnDestinationTargetSelect` of SpellScript won't be executed
Spell `81690` Effect `Index: EFFECT_0, Effect: SPELL_EFFECT_77` of script `spell_gen_random_aggro_taunt` did not match dbc effect data - handler bound to hook `OnEffectHitTarget` of SpellScript won't be executed
Spell `85948` Effect `Index: EFFECT_1, Effect: SPELL_EFFECT_3` of script `spell_dk_festering_strike` did not match dbc effect data - handler bound to hook `OnEffectHitTarget` of SpellScript won't be executed
SpellScriptBase::ValidateSpellInfo: Spell 194310 does not exist.
Spell `85948` did not pass Validate() function of script `spell_dk_festering_strike` - script will be not added to the spell
SpellScriptBase::ValidateSpellEffect: Spell 99353 does not have EFFECT_2.
Spell `99353` did not pass Validate() function of script `spell_baleroc_decimating_strike` - script will be not added to the spell
SpellScriptBase::ValidateSpellInfo: Spell 0 does not exist.
Spell `100780` did not pass Validate() function of script `spell_gen_trigger_exclude_caster_aura_spell` - script will be not added to the spell
SpellScriptBase::ValidateSpellInfo: Spell 0 does not exist.
Spell `100784` did not pass Validate() function of script `spell_gen_trigger_exclude_caster_aura_spell` - script will be not added to the spell
SpellScriptBase::ValidateSpellInfo: Spell 86315 does not exist.
Spell `100950` did not pass Validate() function of script `spell_gen_trigger_exclude_target_aura_spell` - script will be not added to the spell
Spell `106935` Effect `Index: EFFECT_1, Effect: SPELL_EFFECT_77` of script `spell_gen_clone` did not match dbc effect data - handler bound to hook `OnEffectHitTarget` of SpellScript won't be executed
Spell `107574` Effect `Index: EFFECT_5, Effect: SPELL_EFFECT_77` of script `spell_warr_avatar` did not match dbc effect data - handler bound to hook `OnEffectHitTarget` of SpellScript won't be executed
Spell `114052` Effect `Index: EFFECT_8, AuraName: SPELL_AURA_4` of script `spell_sha_ascendance_restoration` did not match dbc effect data - handler bound to hook `OnEffectProc` of AuraScript won't be executed
Spell `114871` Effect `Index: EFFECT_2 Target: 8` of script `spell_pal_holy_prism_selector` did not match dbc effect data - handler bound to hook `OnObjectAreaTargetSelect` of SpellScript won't be executed
SpellScriptBase::ValidateSpellInfo: Spell 154436 does not exist.
Spell `117952` did not pass Validate() function of script `spell_monk_crackling_jade_lightning` - script will be not added to the spell
SpellScriptBase::ValidateSpellEffect: Spell 118089 does not have EFFECT_1.
Spell `118089` did not pass Validate() function of script `spell_item_water_strider` - script will be not added to the spell
SpellScriptBase::ValidateSpellInfo: Spell 0 does not exist.
Spell `119996` did not pass Validate() function of script `spell_gen_trigger_exclude_caster_aura_spell` - script will be not added to the spell
Spell `120517` Effect `Index: EFFECT_1, Effect: SPELL_EFFECT_179` of script `spell_pri_halo_effect_selector` did not match dbc effect data - handler bound to hook `OnEffectLaunch` of SpellScript won't be executed
Spell `120517` Effect `Index: EFFECT_3, Effect: SPELL_EFFECT_179` of script `spell_pri_halo_effect_selector` did not match dbc effect data - handler bound to hook `OnEffectLaunch` of SpellScript won't be executed
Spell `120517` Effect `Index: EFFECT_4, Effect: SPELL_EFFECT_179` of script `spell_pri_halo_effect_selector` did not match dbc effect data - handler bound to hook `OnEffectLaunch` of SpellScript won't be executed
Spell `120517` Effect `Index: EFFECT_2 Target: 1` of script `spell_pri_halo_effect_selector` did not match dbc effect data - handler bound to hook `OnObjectTargetSelect` of SpellScript won't be executed
Spell `120517` Effect `Index: EFFECT_5 Target: 1` of script `spell_pri_halo_effect_selector` did not match dbc effect data - handler bound to hook `OnObjectTargetSelect` of SpellScript won't be executed
Spell `120644` Effect `Index: EFFECT_1, Effect: SPELL_EFFECT_179` of script `spell_pri_halo_effect_selector` did not match dbc effect data - handler bound to hook `OnEffectLaunch` of SpellScript won't be executed
Spell `120644` Effect `Index: EFFECT_3, Effect: SPELL_EFFECT_179` of script `spell_pri_halo_effect_selector` did not match dbc effect data - handler bound to hook `OnEffectLaunch` of SpellScript won't be executed
Spell `120644` Effect `Index: EFFECT_4, Effect: SPELL_EFFECT_179` of script `spell_pri_halo_effect_selector` did not match dbc effect data - handler bound to hook `OnEffectLaunch` of SpellScript won't be executed
Spell `120644` Effect `Index: EFFECT_2 Target: 1` of script `spell_pri_halo_effect_selector` did not match dbc effect data - handler bound to hook `OnObjectTargetSelect` of SpellScript won't be executed
Spell `120644` Effect `Index: EFFECT_5 Target: 1` of script `spell_pri_halo_effect_selector` did not match dbc effect data - handler bound to hook `OnObjectTargetSelect` of SpellScript won't be executed
Spell `120644` Effect `Index: EFFECT_6, Effect: SPELL_EFFECT_30` of script `spell_pri_halo_shadow` did not match dbc effect data - handler bound to hook `OnEffectHitTarget` of SpellScript won't be executed
SpellScriptBase::ValidateSpellInfo: Spell 0 does not exist.
Spell `121471` did not pass Validate() function of script `spell_gen_trigger_exclude_caster_aura_spell` - script will be not added to the spell
Spell `123456` Effect `Index: EFFECT_0 Target: 18` of script `spell_halion_summon_exit_portals` did not match dbc effect data - handler bound to hook `OnDestinationTargetSelect` of SpellScript won't be executed
Spell `123456` Effect `Index: EFFECT_1 Target: 18` of script `spell_halion_summon_exit_portals` did not match dbc effect data - handler bound to hook `OnDestinationTargetSelect` of SpellScript won't be executed
Spell `126240` Effect `Index: EFFECT_2, Effect: SPELL_EFFECT_77` of script `spell_gen_clone` did not match dbc effect data - handler bound to hook `OnEffectHitTarget` of SpellScript won't be executed
SpellScriptBase::ValidateSpellEffect: Spell 127271 does not have EFFECT_1.
Spell `127271` did not pass Validate() function of script `spell_item_water_strider` - script will be not added to the spell
SpellScriptBase::ValidateSpellEffect: Spell 127272 does not have EFFECT_1.
Spell `127272` did not pass Validate() function of script `spell_item_water_strider` - script will be not added to the spell
SpellScriptBase::ValidateSpellEffect: Spell 127274 does not have EFFECT_1.
Spell `127274` did not pass Validate() function of script `spell_item_water_strider` - script will be not added to the spell
SpellScriptBase::ValidateSpellEffect: Spell 127278 does not have EFFECT_1.
Spell `127278` did not pass Validate() function of script `spell_item_water_strider` - script will be not added to the spell
SpellScriptBase::ValidateSpellInfo: Spell 114168 does not exist.
Spell `131632` did not pass Validate() function of script `spell_gen_trigger_exclude_caster_aura_spell` - script will be not added to the spell
Spell `136757` Effect `Index: EFFECT_1, Effect: SPELL_EFFECT_77` of script `spell_gen_clone` did not match dbc effect data - handler bound to hook `OnEffectHitTarget` of SpellScript won't be executed
Spell `141502` Effect `Index: EFFECT_0, AuraName: SPELL_AURA_4` of script `spell_gen_feign_death_all_flags_uninteractible` did not match dbc effect data - handler bound to hook `OnEffectApply` of AuraScript won't be executed
Spell `141502` Effect `Index: EFFECT_0, AuraName: SPELL_AURA_4` of script `spell_gen_feign_death_all_flags_uninteractible` did not match dbc effect data - handler bound to hook `OnEffectRemove` of AuraScript won't be executed
SpellScriptBase::ValidateSpellInfo: Spell 114168 does not exist.
Spell `143395` did not pass Validate() function of script `spell_gen_trigger_exclude_caster_aura_spell` - script will be not added to the spell
SpellScriptBase::ValidateSpellInfo: Spell 0 does not exist.
Spell `146739` did not pass Validate() function of script `spell_gen_trigger_exclude_caster_aura_spell` - script will be not added to the spell
SpellScriptBase::ValidateSpellEffect: Spell 453189 does not exist.
Spell `146739` did not pass Validate() function of script `spell_warl_deaths_embrace_dots` - script will be not added to the spell
Spell `156910` Effect `Index: EFFECT_0, Effect: SPELL_EFFECT_3` of script `spell_pal_beacon_of_faith_ex` did not match dbc effect data - handler bound to hook `OnEffectHitTarget` of SpellScript won't be executed
Spell `157982` Effect `Index: EFFECT_ALL, AuraName: SPELL_AURA_ANY` of script `spell_gen_major_healing_cooldown_modifier_aura` did not match dbc effect data - handler bound to hook `DoEffectCalcDamageAndHealing` of AuraScript won't be executed
SpellScriptBase::ValidateSpellInfo: Spell 115070 does not exist.
Spell `178338` did not pass Validate() function of script `spell_gen_trigger_exclude_caster_aura_spell` - script will be not added to the spell
Spell `184362` did not pass Validate() function of script `spell_warr_powerful_enrage` - script will be not added to the spell
Spell `184367` Effect `Index: EFFECT_6, Effect: SPELL_EFFECT_64` of script `spell_warr_rampaging_ruin` did not match dbc effect data - handler bound to hook `OnEffectLaunch` of SpellScript won't be executed
Spell `184367` Effect `Index: EFFECT_7, Effect: SPELL_EFFECT_64` of script `spell_warr_rampaging_ruin` did not match dbc effect data - handler bound to hook `OnEffectLaunch` of SpellScript won't be executed
Spell `184367` Effect `Index: EFFECT_8, Effect: SPELL_EFFECT_64` of script `spell_warr_rampaging_ruin` did not match dbc effect data - handler bound to hook `OnEffectLaunch` of SpellScript won't be executed
Spell `185314` Effect `Index: EFFECT_0, AuraName: SPELL_AURA_4` of script `spell_rog_deepening_shadows` did not match dbc effect data - handler bound to hook `DoCheckEffectProc` of AuraScript won't be executed
Spell `185314` Effect `Index: EFFECT_0, AuraName: SPELL_AURA_4` of script `spell_rog_deepening_shadows` did not match dbc effect data - handler bound to hook `OnEffectProc` of AuraScript won't be executed
Spell `187881` Effect `Index: EFFECT_4 Target: 1` of script `spell_sha_stormweaver` did not match dbc effect data - handler bound to hook `OnObjectTargetSelect` of SpellScript won't be executed
Spell `188443` Effect `Index: EFFECT_2, Effect: SPELL_EFFECT_3` of script `spell_sha_chain_lightning_crash_lightning` did not match dbc effect data - handler bound to hook `OnEffectLaunch` of SpellScript won't be executed
Spell `190319` Effect `Index: EFFECT_2, AuraName: SPELL_AURA_226` of script `spell_mage_fiery_rush_aura` did not match dbc effect data - handler bound to hook `AfterEffectRemove` of AuraScript won't be executed
Spell `190319` Effect `Index: EFFECT_2, AuraName: SPELL_AURA_226` of script `spell_mage_improved_combustion` did not match dbc effect data - handler bound to hook `OnEffectPeriodic` of AuraScript won't be executed
Spell `193315` Effect `Index: EFFECT_2, Effect: SPELL_EFFECT_3` of script `spell_rog_sinister_strike` did not match dbc effect data - handler bound to hook `OnEffectHitTarget` of SpellScript won't be executed
Spell `193358` Effect `Index: EFFECT_0, AuraName: SPELL_AURA_4` of script `spell_rog_grand_melee` did not match dbc effect data - handler bound to hook `OnEffectProc` of AuraScript won't be executed
SpellScriptBase::ValidateSpellInfo: Spell 90259 does not exist.
Spell `194834` did not pass Validate() function of script `spell_gen_trigger_exclude_caster_aura_spell` - script will be not added to the spell
Spell `197214` Effect `Index: EFFECT_3 Target: 129` of script `spell_sha_molten_thunder_sundering` did not match dbc effect data - handler bound to hook `OnObjectAreaTargetSelect` of SpellScript won't be executed
Spell `200025` Effect `Index: EFFECT_1, Effect: SPELL_EFFECT_3` of script `spell_pal_beacon_of_virtue_ex` did not match dbc effect data - handler bound to hook `OnEffectHitTarget` of SpellScript won't be executed
Spell `200025` Effect `Index: EFFECT_0, Effect: SPELL_EFFECT_3` of script `spell_pal_beacon_of_virtue_ex` did not match dbc effect data - handler bound to hook `OnEffectHitTarget` of SpellScript won't be executed
Spell `200025` Effect `Index: EFFECT_1 Target: 30` of script `spell_pal_beacon_of_virtue_ex` did not match dbc effect data - handler bound to hook `OnObjectAreaTargetSelect` of SpellScript won't be executed
Spell `204074` Effect `Index: EFFECT_0, AuraName: SPELL_AURA_4` of script `spell_pal_righteous_protector` did not match dbc effect data - handler bound to hook `DoCheckEffectProc` of AuraScript won't be executed
Spell `204074` Effect `Index: EFFECT_0, AuraName: SPELL_AURA_4` of script `spell_pal_righteous_protector` did not match dbc effect data - handler bound to hook `OnEffectProc` of AuraScript won't be executed
Spell `205021` Effect `Index: EFFECT_1, AuraName: SPELL_AURA_3` of script `spell_mage_ray_of_frost` did not match dbc effect data - handler bound to hook `AfterEffectRemove` of AuraScript won't be executed
Spell `205021` Effect `Index: EFFECT_1, AuraName: SPELL_AURA_3` of script `spell_mage_ray_of_frost` did not match dbc effect data - handler bound to hook `OnEffectPeriodic` of AuraScript won't be executed
Spell `205029` Effect `Index: EFFECT_1, AuraName: SPELL_AURA_454` of script `spell_mage_flame_on` did not match dbc effect data - handler bound to hook `DoEffectCalcAmount` of AuraScript won't be executed
SpellScriptBase::ValidateSpellEffect: Spell 205029 does not have EFFECT_2.
Spell `205029` did not pass Validate() function of script `spell_mage_flame_on` - script will be not added to the spell
SpellScriptBase::ValidateSpellInfo: Spell 0 does not exist.
Spell `205523` did not pass Validate() function of script `spell_gen_trigger_exclude_caster_aura_spell` - script will be not added to the spell
Spell `207256` Effect `Index: EFFECT_0, AuraName: SPELL_AURA_4` of script `spell_dk_obliteration` did not match dbc effect data - handler bound to hook `AfterEffectProc` of AuraScript won't be executed
SpellScriptBase::ValidateSpellInfo: Spell 159669 does not exist.
Spell `212284` did not pass Validate() function of script `spell_gen_trigger_exclude_caster_aura_spell` - script will be not added to the spell
Spell `212431` Effect `Index: EFFECT_0, AuraName: SPELL_AURA_226` of script `spell_hun_explosive_shot` did not match dbc effect data - handler bound to hook `OnEffectPeriodic` of AuraScript won't be executed
SpellScriptBase::ValidateSpellInfo: Spell 74434 does not exist.
Spell `213398` did not pass Validate() function of script `spell_gen_trigger_exclude_caster_aura_spell` - script will be not added to the spell
SpellScriptBase::ValidateSpellInfo: Spell 117050 does not exist.
Spell `213831` did not pass Validate() function of script `spell_gen_trigger_exclude_caster_aura_spell` - script will be not added to the spell
Spell `215568` Effect `Index: EFFECT_0, Effect: SPELL_EFFECT_2` of script `spell_warr_bloodthirst` did not match dbc effect data - handler bound to hook `OnEffectHitTarget` of SpellScript won't be executed
Spell `217694` Effect `Index: EFFECT_2, AuraName: SPELL_AURA_4` of script `spell_mage_living_bomb_periodic` did not match dbc effect data - handler bound to hook `AfterEffectRemove` of AuraScript won't be executed
SpellScriptBase::ValidateSpellInfo: Spell 90259 does not exist.
Spell `219779` did not pass Validate() function of script `spell_gen_trigger_exclude_caster_aura_spell` - script will be not added to the spell
Spell `228354` Effect `Index: EFFECT_1, Effect: SPELL_EFFECT_2` of script `spell_mage_flurry_damage` did not match dbc effect data - handler bound to hook `OnEffectHitTarget` of SpellScript won't be executed
SpellScriptBase::ValidateSpellEffect: Spell 453189 does not exist.
Spell `234153` did not pass Validate() function of script `spell_warl_deaths_embrace_drain_life` - script will be not added to the spell
Spell `235313` Effect `Index: EFFECT_1, AuraName: SPELL_AURA_42` of script `spell_mage_blazing_barrier` did not match dbc effect data - handler bound to hook `OnEffectProc` of AuraScript won't be executed
SpellScriptBase::ValidateSpellEffect: Spell 235450 does not have EFFECT_5.
Spell `235450` did not pass Validate() function of script `spell_mage_prismatic_barrier` - script will be not added to the spell
Spell `264526` Effect `Index: EFFECT_1, AuraName: SPELL_AURA_4` of script `spell_aqusirr_grasp_from_the_depths_damage` did not match dbc effect data - handler bound to hook `AfterEffectRemove` of AuraScript won't be executed
Spell `265448` Effect `Index: EFFECT_0, AuraName: SPELL_AURA_4` of script `spell_gen_feign_death_all_flags` did not match dbc effect data - handler bound to hook `OnEffectApply` of AuraScript won't be executed
Spell `265448` Effect `Index: EFFECT_0, AuraName: SPELL_AURA_4` of script `spell_gen_feign_death_all_flags` did not match dbc effect data - handler bound to hook `OnEffectRemove` of AuraScript won't be executed
SpellScriptBase::ValidateSpellInfo: Spell 0 does not exist.
Spell `269289` did not pass Validate() function of script `spell_lord_stormsong_disciple_of_the_vol_zith` - script will be not added to the spell
Spell `270002` Effect `Index: EFFECT_0, Effect: SPELL_EFFECT_77` of script `spell_kings_rest_suppression_slam` did not match dbc effect data - handler bound to hook `OnEffectHitTarget` of SpellScript won't be executed
Spell `272893` Effect `Index: EFFECT_0, AuraName: SPELL_AURA_189` of script `spell_azerite_gen_aura_calc_from_2nd_effect_triggered_spell` did not match dbc effect data - handler bound to hook `DoEffectCalcAmount` of AuraScript won't be executed
Spell `277253` Effect `Index: EFFECT_0, AuraName: SPELL_AURA_42` of script `spell_item_azerite_fortification` did not match dbc effect data - handler bound to hook `DoCheckEffectProc` of AuraScript won't be executed
Spell `299698` Effect `Index: EFFECT_0, AuraName: SPELL_AURA_4` of script `spell_gen_feign_death_all_flags` did not match dbc effect data - handler bound to hook `OnEffectApply` of AuraScript won't be executed
Spell `299698` Effect `Index: EFFECT_0, AuraName: SPELL_AURA_4` of script `spell_gen_feign_death_all_flags` did not match dbc effect data - handler bound to hook `OnEffectRemove` of AuraScript won't be executed
Spell `321706` Effect `Index: EFFECT_1 Target: 16` of script `spell_torghast_dimensional_blade` did not match dbc effect data - handler bound to hook `OnObjectAreaTargetSelect` of SpellScript won't be executed
SpellScriptBase::ValidateSpellEffect: Spell 453189 does not exist.
Spell `324540` did not pass Validate() function of script `spell_warl_deaths_embrace` - script will be not added to the spell
Spell `335467` Effect `Index: EFFECT_1, AuraName: SPELL_AURA_53` of script `spell_pri_mind_devourer_buff` did not match dbc effect data - handler bound to hook `DoEffectCalcDamageAndHealing` of AuraScript won't be executed
Spell `342240` Effect `Index: EFFECT_3, Effect: SPELL_EFFECT_3` of script `spell_sha_ice_strike` did not match dbc effect data - handler bound to hook `OnEffectHit` of SpellScript won't be executed
Spell `343294` Effect `Index: EFFECT_3, Effect: SPELL_EFFECT_64` of script `spell_dk_reaper_of_souls` did not match dbc effect data - handler bound to hook `OnEffectLaunch` of SpellScript won't be executed
Spell `343294` Effect `Index: EFFECT_1, AuraName: SPELL_AURA_226` of script `spell_dk_soul_reaper` did not match dbc effect data - handler bound to hook `AfterEffectRemove` of AuraScript won't be executed
Spell `343294` Effect `Index: EFFECT_1, AuraName: SPELL_AURA_226` of script `spell_dk_soul_reaper` did not match dbc effect data - handler bound to hook `OnEffectPeriodic` of AuraScript won't be executed
Spell `357209` did not pass Validate() function of script `spell_evo_fire_breath_damage` - script will be not added to the spell
Spell `357209` Effect `Index: EFFECT_3, Effect: SPELL_EFFECT_38` of script `spell_evo_scouring_flame` did not match dbc effect data - handler bound to hook `OnEffectHitTarget` of SpellScript won't be executed
SpellScriptBase::ValidateSpellInfo: Spell 373835 does not exist.
Spell `361195` did not pass Validate() function of script `spell_evo_call_of_ysera` - script will be not added to the spell
Spell `366222` Effect `Index: EFFECT_0, Effect: SPELL_EFFECT_3` of script `spell_warl_summon_sayaad` did not match dbc effect data - handler bound to hook `OnEffectHit` of SpellScript won't be executed
SpellScriptBase::ValidateSpellEffect: Spell 370818 does not exist.
Spell `368847` did not pass Validate() function of script `spell_evo_snapfire` - script will be not added to the spell
Spell `372119` Effect `Index: EFFECT_0, AuraName: SPELL_AURA_4` of script `spell_dru_dream_of_cenarius_guardian` did not match dbc effect data - handler bound to hook `DoCheckEffectProc` of AuraScript won't be executed
Spell `372119` Effect `Index: EFFECT_0, AuraName: SPELL_AURA_4` of script `spell_dru_dream_of_cenarius_guardian` did not match dbc effect data - handler bound to hook `OnEffectProc` of AuraScript won't be executed
Spell `375591` Effect `Index: EFFECT_2, Effect: SPELL_EFFECT_77` of script `spell_sappy_burst` did not match dbc effect data - handler bound to hook `OnEffectHitTarget` of SpellScript won't be executed
Spell `375994` Effect `Index: EFFECT_0, AuraName: SPELL_AURA_4` of script `spell_pri_mental_decay` did not match dbc effect data - handler bound to hook `OnEffectProc` of AuraScript won't be executed
Spell `381732` Effect `Index: EFFECT_ALL Target: 56` of script `spell_evo_blessing_of_the_bronze` did not match dbc effect data - handler bound to hook `OnObjectAreaTargetSelect` of SpellScript won't be executed
Spell `381741` Effect `Index: EFFECT_ALL Target: 56` of script `spell_evo_blessing_of_the_bronze` did not match dbc effect data - handler bound to hook `OnObjectAreaTargetSelect` of SpellScript won't be executed
Spell `381746` Effect `Index: EFFECT_ALL Target: 56` of script `spell_evo_blessing_of_the_bronze` did not match dbc effect data - handler bound to hook `OnObjectAreaTargetSelect` of SpellScript won't be executed
Spell `381748` Effect `Index: EFFECT_ALL Target: 56` of script `spell_evo_blessing_of_the_bronze` did not match dbc effect data - handler bound to hook `OnObjectAreaTargetSelect` of SpellScript won't be executed
Spell `381749` Effect `Index: EFFECT_ALL Target: 56` of script `spell_evo_blessing_of_the_bronze` did not match dbc effect data - handler bound to hook `OnObjectAreaTargetSelect` of SpellScript won't be executed
Spell `381750` Effect `Index: EFFECT_ALL Target: 56` of script `spell_evo_blessing_of_the_bronze` did not match dbc effect data - handler bound to hook `OnObjectAreaTargetSelect` of SpellScript won't be executed
Spell `381751` Effect `Index: EFFECT_ALL Target: 56` of script `spell_evo_blessing_of_the_bronze` did not match dbc effect data - handler bound to hook `OnObjectAreaTargetSelect` of SpellScript won't be executed
Spell `381752` Effect `Index: EFFECT_ALL Target: 56` of script `spell_evo_blessing_of_the_bronze` did not match dbc effect data - handler bound to hook `OnObjectAreaTargetSelect` of SpellScript won't be executed
Spell `381753` Effect `Index: EFFECT_ALL Target: 56` of script `spell_evo_blessing_of_the_bronze` did not match dbc effect data - handler bound to hook `OnObjectAreaTargetSelect` of SpellScript won't be executed
Spell `381754` Effect `Index: EFFECT_ALL Target: 56` of script `spell_evo_blessing_of_the_bronze` did not match dbc effect data - handler bound to hook `OnObjectAreaTargetSelect` of SpellScript won't be executed
Spell `381756` Effect `Index: EFFECT_ALL Target: 56` of script `spell_evo_blessing_of_the_bronze` did not match dbc effect data - handler bound to hook `OnObjectAreaTargetSelect` of SpellScript won't be executed
Spell `381757` Effect `Index: EFFECT_ALL Target: 56` of script `spell_evo_blessing_of_the_bronze` did not match dbc effect data - handler bound to hook `OnObjectAreaTargetSelect` of SpellScript won't be executed
Spell `381758` Effect `Index: EFFECT_ALL Target: 56` of script `spell_evo_blessing_of_the_bronze` did not match dbc effect data - handler bound to hook `OnObjectAreaTargetSelect` of SpellScript won't be executed
SpellScriptBase::ValidateSpellInfo: Spell 370897 does not exist.
Spell `381773` did not pass Validate() function of script `spell_evo_permeating_chill` - script will be not added to the spell
Spell `385627` Effect `Index: EFFECT_4, AuraName: SPELL_AURA_42` of script `spell_rog_kingsbane` did not match dbc effect data - handler bound to hook `DoCheckEffectProc` of AuraScript won't be executed
Spell `389579` Effect `Index: EFFECT_0, AuraName: SPELL_AURA_4` of script `spell_monk_save_them_all` did not match dbc effect data - handler bound to hook `OnEffectProc` of AuraScript won't be executed
SpellScriptBase::ValidateSpellEffect: Spell 389579 does not have EFFECT_2.
Spell `389579` did not pass Validate() function of script `spell_monk_save_them_all` - script will be not added to the spell
Spell `389718` Effect `Index: EFFECT_0, AuraName: SPELL_AURA_4` of script `spell_dh_cycle_of_binding` did not match dbc effect data - handler bound to hook `OnEffectProc` of AuraScript won't be executed
Spell `390370` Effect `Index: EFFECT_0, AuraName: SPELL_AURA_42` of script `spell_sha_ashen_catalyst` did not match dbc effect data - handler bound to hook `OnEffectProc` of AuraScript won't be executed
Spell `390693` Effect `Index: EFFECT_0, AuraName: SPELL_AURA_4` of script `spell_pri_train_of_thought` did not match dbc effect data - handler bound to hook `DoCheckEffectProc` of AuraScript won't be executed
Spell `390693` Effect `Index: EFFECT_1, AuraName: SPELL_AURA_4` of script `spell_pri_train_of_thought` did not match dbc effect data - handler bound to hook `DoCheckEffectProc` of AuraScript won't be executed
Spell `390693` Effect `Index: EFFECT_0, AuraName: SPELL_AURA_4` of script `spell_pri_train_of_thought` did not match dbc effect data - handler bound to hook `OnEffectProc` of AuraScript won't be executed
Spell `390693` Effect `Index: EFFECT_1, AuraName: SPELL_AURA_4` of script `spell_pri_train_of_thought` did not match dbc effect data - handler bound to hook `OnEffectProc` of AuraScript won't be executed
Spell `394062` did not pass Validate() function of script `spell_warr_improved_whirlwind_cleave` - script will be not added to the spell
Spell `394063` script `spell_warr_improved_whirlwind_cleave` does not have a damage effect - handler bound to hook `CalcDamage` of SpellScript won't be executed
Spell `394063` did not pass Validate() function of script `spell_warr_improved_whirlwind_cleave` - script will be not added to the spell
Spell `410530` Effect `Index: EFFECT_0, AuraName: SPELL_AURA_4` of script `spell_pal_t30_2p_protection_bonus_heal` did not match dbc effect data - handler bound to hook `DoCheckEffectProc` of AuraScript won't be executed
Spell `410530` Effect `Index: EFFECT_0, AuraName: SPELL_AURA_4` of script `spell_pal_t30_2p_protection_bonus_heal` did not match dbc effect data - handler bound to hook `OnEffectProc` of AuraScript won't be executed
Spell `410939` Effect `Index: EFFECT_1, AuraName: SPELL_AURA_42` of script `spell_mage_ethereal_blink` did not match dbc effect data - handler bound to hook `OnEffectProc` of AuraScript won't be executed
SpellScriptBase::ValidateSpellEffect: Spell 450347 does not have EFFECT_2.
Spell `450347` did not pass Validate() function of script `spell_dru_natures_grace` - script will be not added to the spell
Spell `453109` Effect `Index: EFFECT_1, AuraName: SPELL_AURA_4` of script `spell_pri_power_surge` did not match dbc effect data - handler bound to hook `OnEffectProc` of AuraScript won't be executed
Spell `453282` Effect `Index: EFFECT_0, AuraName: SPELL_AURA_226` of script `spell_mage_flame_accelerant` did not match dbc effect data - handler bound to hook `OnEffectPeriodic` of AuraScript won't be executed
Spell `455143` Effect `Index: EFFECT_0, AuraName: SPELL_AURA_4` of script `spell_rog_acrobatic_strikes` did not match dbc effect data - handler bound to hook `OnEffectProc` of AuraScript won't be executed
Spell `470057` Effect `Index: EFFECT_0, Effect: SPELL_EFFECT_2` of script `spell_sha_voltaic_blaze` did not match dbc effect data - handler bound to hook `OnEffectHitTarget` of SpellScript won't be executed
Spell `1215245` Effect `Index: EFFECT_0, AuraName: SPELL_AURA_4` of script `spell_pri_eternal_sanctity` did not match dbc effect data - handler bound to hook `OnEffectProc` of AuraScript won't be executed
>> Validated 4083 scripts in 55 ms
Loading SmartAI scripts...
>> Loaded SmartAIMgr Helpers in 139 ms
>> Loaded 66686 SmartAI scripts in 25420 ms
Loading Calendar data...
>> Loaded 0 calendar events in 7 ms
>> Loaded 0 calendar invites in 2 ms
Loading Petitions...
>> Loaded 0 petitions.
Loading Signatures...
>> Loaded 0 Petition signs!
Loading Item loot...
>> Loaded 0 stored item loots
>> Loaded 0 stored item money
Initialize query data...
>> Initialized query cache data in 2740 ms
Initialize commands...
Initialize game time and timers
Mail timer set to: 1020, mail return is called every 1440 minutes
Starting Map System
Starting Game Event system...
Initialize AuctionHouseBot...
Initializing chat channels...
>> Loaded 0 custom chat channels. DB table `channels` is empty.
Initializing Opcodes...
Tried to override client handler of CMSG_HOUSING_SVCS_RELINQUISH_HOUSE with CMSG_HOUSING_SVCS_RELINQUISH_HOUSE (opcode 3473418)
Starting Arena Season...
ArenaSeason (32) must be an existing Arena Season.
Starting Battleground System
Battleground ID 11 could not be found in BattlemasterList.dbc. The battleground was not created.
>> Loaded 34 battlegrounds in 2 ms
>> Loaded 28 battleground scripts in 2 ms
Starting Outdoor PvP System
>> Loaded 5 outdoor PvP definitions in 2 ms
Starting Battlefield System
>> Loaded 2 battlefields in 1 ms
Deleting expired bans...
Initializing quest reset times...
Calculate random battleground reset time...
Calculate deletion of old calendar events time...
Calculate guild limitation(s) reset time...
Calculate next currency reset time...
Loading race and class expansion requirements...
>> Loaded 283 class expansion requirements in 1 ms.
>> Loaded 31 race expansion requirements in 2 ms.
Loading character templates...
>> Loaded 0 character template classes. DB table `character_template_class` is empty.
>> Loaded 0 character templates. DB table `character_template` is empty.
Loading battle pets info...
>> Loaded 2884 battle pet breeds.
>> Loaded 998 battle pet qualities.
Loading scenarios
>> Loaded 194 instance scenario entries in 2 ms
Loading scenario poi data
>> Loaded 0 scenario POI definitions. DB table `scenario_poi` is empty.
Loading phase names...
>> Loaded 4276 phase names in 9 ms.
Loading transmog data...
World initialized in 2 minutes 26 seconds
Starting up anti-freeze thread (60 seconds max stuck time)...
TrinityCore rev. a96d89772a96+ 2026-09-23 09:52:55 +0200 (master branch) (Windows, AMD64, Release, Static) (worldserver-daemon) ready...
Received not handled opcode [CMSG_QUICK_JOIN_AUTO_ACCEPT_REQUESTS 0x430132 (4391218)] from [Player: Account: 2]
Received not handled opcode [CMSG_GET_LAST_CATALOG_FETCH 0x2A0036 (2752566)] from [Player: Account: 2]
[Player: Account: 2] Client tried to call not implemented method ResourcesService.GetContentHandle({ program: 16974 stream: 1634756212 version: 1920291413 })
Received not handled opcode [CMSG_FETCH_BLEEP_PROXIES 0x4301A1 (4391329)] from [Player: Account: 2]
Received not handled opcode [CMSG_SETUP_WARBAND_GROUPS 0x43018F (4391311)] from [Player: Account: 2]
Received not handled opcode [CMSG_QUICK_JOIN_AUTO_ACCEPT_REQUESTS 0x430132 (4391218)] from [Player: Account: 2]
Received not handled opcode [CMSG_GET_LAST_CATALOG_FETCH 0x2A0036 (2752566)] from [Player: Account: 2]
[Player: Account: 2] Client tried to call not implemented method ResourcesService.GetContentHandle({ program: 16974 stream: 1634756212 version: 1920291413 })
Received not handled opcode [CMSG_FETCH_BLEEP_PROXIES 0x4301A1 (4391329)] from [Player: Account: 2]
Received not handled opcode [CMSG_SETUP_WARBAND_GROUPS 0x43018F (4391311)] from [Player: Account: 2]
Received not handled opcode [CMSG_QUICK_JOIN_AUTO_ACCEPT_REQUESTS 0x430132 (4391218)] from [Player: Account: 2]
Received not handled opcode [CMSG_SET_EXCLUDED_CHAT_CENSOR_SOURCES 0x430133 (4391219)] from [Player: Account: 2]
Received not handled opcode [CMSG_GET_ACCOUNT_CHARACTER_LIST 0x4300E4 (4391140)] from [Player: Account: 2]
Received not handled opcode [CMSG_GET_RAF_ACCOUNT_INFO 0x430150 (4391248)] from [Player: Account: 2]
Received not handled opcode [CMSG_GET_REMAINING_GAME_TIME 0x43011B (4391195)] from [Player: Account: 2]
Received not handled opcode [CMSG_OVERRIDE_SCREEN_FLASH 0x3E00BB (4063419)] from [Player: Logging in: Player-1-00000002, Account: 2]
Received not handled opcode [CMSG_REQUEST_MYTHIC_PLUS_SEASON_DATA 0x3D00BC (3997884)] from [Player: Logging in: Player-1-00000002, Account: 2]
Received not handled opcode [CMSG_OPEN_TRADESKILL_NPC 0x3D01E5 (3998181)] from [Player: Logging in: Player-1-00000002, Account: 2]
Received not handled opcode [CMSG_REQUEST_WEEKLY_REWARDS 0x3D0268 (3998312)] from [Player: Logging in: Player-1-00000002, Account: 2]
Received not handled opcode [CMSG_HOUSING_SVCS_GET_PLAYER_HOUSES_INFO 0x350013 (3473427)] from [Player: Logging in: Player-1-00000002, Account: 2]
Non-existing quest objective criteria 48008 data has been removed from the table `character_queststatus_objectives_criteria_progress`.
Non-existing quest objective criteria 48009 data has been removed from the table `character_queststatus_objectives_criteria_progress`.
Player::AddSpell: Spell (ID: 205656) does not exist
Player::AddSpell: Spell (ID: 371571) does not exist
Received not handled opcode [CMSG_REQUEST_SCHEDULED_PVP_INFO 0x3D0042 (3997762)] from [Player: Царьсвета Player-1-00000002, Account: 2]
Received not handled opcode [CMSG_LFG_LIST_GET_STATUS 0x430039 (4390969)] from [Player: Царьсвета Player-1-00000002, Account: 2]
Received not handled opcode [CMSG_REQUEST_LFG_LIST_BLACKLIST 0x3D017F (3998079)] from [Player: Царьсвета Player-1-00000002, Account: 2]
Received not handled opcode [CMSG_OPEN_TRADESKILL_NPC 0x3D01E5 (3998181)] from [Player: Царьсвета Player-1-00000002, Account: 2]
Received not handled opcode [CMSG_GET_LANDING_PAGE_SHIPMENTS 0x3D01DC (3998172)] from [Player: Царьсвета Player-1-00000002, Account: 2]
Received not handled opcode [CMSG_MOVE_SET_TURN_RATE_CHEAT 0x410024 (4259876)] from [Player: Царьсвета Player-1-00000002, Account: 2]
Received not handled opcode [CMSG_GET_CHARACTER_CURRENCY_TRANSFER_LOG 0x2A001F (2752543)] from [Player: Царьсвета Player-1-00000002, Account: 2]
Received not handled opcode [CMSG_QUICK_JOIN_AUTO_ACCEPT_REQUESTS 0x430132 (4391218)] from [Player: Царьсвета Player-1-00000002, Account: 2]
Received not handled opcode [CMSG_SET_EXCLUDED_CHAT_CENSOR_SOURCES 0x430133 (4391219)] from [Player: Царьсвета Player-1-00000002, Account: 2]
Received not handled opcode [CMSG_REQUEST_INSTANCE_ENCOUNTER_EVENT_SYNC 0x3D0192 (3998098)] from [Player: Царьсвета Player-1-00000002, Account: 2]
Received not handled opcode [CMSG_PERKS_PROGRAM_STATUS_REQUEST 0x3D02B2 (3998386)] from [Player: Царьсвета Player-1-00000002, Account: 2]
MoveSplineInitArgs::Validate: expression '_checkPathLengths()' failed for Creature-0-1-1-0-149671-0000000B78
MoveSplineInitArgs::Validate: expression '_checkPathLengths()' failed for Creature-0-1-1-0-149671-0000000B78
MoveSplineInitArgs::Validate: expression '_checkPathLengths()' failed for Creature-0-1-1-0-3296-0000000244
MoveSplineInitArgs::Validate: expression '_checkPathLengths()' failed for Creature-0-1-1-0-3296-000000024B
Received not handled opcode [CMSG_GET_LAST_CATALOG_FETCH 0x2A0036 (2752566)] from [Player: Account: 2]
Received not handled opcode [CMSG_SETUP_WARBAND_GROUPS 0x43018F (4391311)] from [Player: Account: 2]
Received not handled opcode [CMSG_QUICK_JOIN_AUTO_ACCEPT_REQUESTS 0x430132 (4391218)] from [Player: Account: 2]
Received not handled opcode [CMSG_SET_EXCLUDED_CHAT_CENSOR_SOURCES 0x430133 (4391219)] from [Player: Account: 2]
Received not handled opcode [CMSG_GET_ACCOUNT_CHARACTER_LIST 0x4300E4 (4391140)] from [Player: Account: 2]
Received not handled opcode [CMSG_GET_RAF_ACCOUNT_INFO 0x430150 (4391248)] from [Player: Account: 2]
Received not handled opcode [CMSG_GET_REMAINING_GAME_TIME 0x43011B (4391195)] from [Player: Account: 2]
Received not handled opcode [CMSG_OVERRIDE_SCREEN_FLASH 0x3E00BB (4063419)] from [Player: Logging in: Player-1-00000002, Account: 2]
Received not handled opcode [CMSG_REQUEST_MYTHIC_PLUS_SEASON_DATA 0x3D00BC (3997884)] from [Player: Logging in: Player-1-00000002, Account: 2]
Received not handled opcode [CMSG_OPEN_TRADESKILL_NPC 0x3D01E5 (3998181)] from [Player: Logging in: Player-1-00000002, Account: 2]
Received not handled opcode [CMSG_REQUEST_WEEKLY_REWARDS 0x3D0268 (3998312)] from [Player: Logging in: Player-1-00000002, Account: 2]
Received not handled opcode [CMSG_HOUSING_SVCS_GET_PLAYER_HOUSES_INFO 0x350013 (3473427)] from [Player: Logging in: Player-1-00000002, Account: 2]
Non-existing quest objective criteria 48008 data has been removed from the table `character_queststatus_objectives_criteria_progress`.
Non-existing quest objective criteria 48009 data has been removed from the table `character_queststatus_objectives_criteria_progress`.
Player::AddSpell: Spell (ID: 205656) does not exist
Player::AddSpell: Spell (ID: 371571) does not exist
Received not handled opcode [CMSG_QUICK_JOIN_AUTO_ACCEPT_REQUESTS 0x430132 (4391218)] from [Player: Царьсвета Player-1-00000002, Account: 2]
Received not handled opcode [CMSG_SET_EXCLUDED_CHAT_CENSOR_SOURCES 0x430133 (4391219)] from [Player: Царьсвета Player-1-00000002, Account: 2]
Received not handled opcode [CMSG_REQUEST_SCHEDULED_PVP_INFO 0x3D0042 (3997762)] from [Player: Царьсвета Player-1-00000002, Account: 2]
Received not handled opcode [CMSG_LFG_LIST_GET_STATUS 0x430039 (4390969)] from [Player: Царьсвета Player-1-00000002, Account: 2]
Received not handled opcode [CMSG_REQUEST_LFG_LIST_BLACKLIST 0x3D017F (3998079)] from [Player: Царьсвета Player-1-00000002, Account: 2]
Received not handled opcode [CMSG_GET_CHARACTER_CURRENCY_TRANSFER_LOG 0x2A001F (2752543)] from [Player: Царьсвета Player-1-00000002, Account: 2]
MoveSplineInitArgs::Validate: expression '_checkPathLengths()' failed for Creature-0-1-1-0-3296-0000000244
Received not handled opcode [CMSG_OPEN_TRADESKILL_NPC 0x3D01E5 (3998181)] from [Player: Царьсвета Player-1-00000002, Account: 2]
Received not handled opcode [CMSG_GET_LANDING_PAGE_SHIPMENTS 0x3D01DC (3998172)] from [Player: Царьсвета Player-1-00000002, Account: 2]
Received not handled opcode [CMSG_REQUEST_INSTANCE_ENCOUNTER_EVENT_SYNC 0x3D0192 (3998098)] from [Player: Царьсвета Player-1-00000002, Account: 2]
MoveSplineInitArgs::Validate: expression '_checkPathLengths()' failed for Creature-0-1-1-0-3296-000000024B
Received not handled opcode [CMSG_PERKS_PROGRAM_STATUS_REQUEST 0x3D02B2 (3998386)] from [Player: Царьсвета Player-1-00000002, Account: 2]
MoveSplineInitArgs::Validate: expression '_checkPathLengths()' failed for Creature-0-1-1-0-14377-00000009F8
